10:00:29,588 INFO APP - 扫描并连接蓝牙
10:00:35,899 ERROR TAP - not ok 1 - 通过蓝牙重置阀门
10:00:35,900 INFO TAP -   ---
10:00:35,900 INFO TAP -   'context canceled'
10:00:35,900 INFO TAP -   ...
10:00:35,901 WARN TAP - Bail out! 1 case(s) failed
10:00:35,901 INFO APP - 完成: 0 通过, 1 失败, 1 跳过
10:00:35,901 INFO APP - SaveTestData POST https://blat.poersmart.com/v1/tests/records?dev_type=2 test_result=0 serial_num=262602460054 last_start_time=1786413629 log_bytes=324
10:00:35,901 INFO APP - debug 模式，不保存测试记录，上报数据如下:
{
  "fail_reason": "case HeatSuite::wire_valve_bluetooth_reset_valve failed: context canceled",
  "last_start_time": 1786413629,
  "log": "10:00:29,588 INFO APP - 扫描并连接蓝牙\n10:00:35,899 ERROR TAP - not ok 1 - 通过蓝牙重置阀门\n10:00:35,900 INFO TAP -   ---\n10:00:35,900 INFO TAP -   'context canceled'\n10:00:35,900 INFO TAP -   ...\n10:00:35,901 WARN TAP - Bail out! 1 case(s) failed\n10:00:35,901 INFO APP - 完成: 0 通过, 1 失败, 1 跳过\n",
  "lot": "W262813",
  "model": "PSAv2-NB-V1.0-DN50/dn63-KFS",
  "pn": "910512-01",
  "serial_num": "262602460054",
  "tenant_id": "1",
  "test_mode": "normal_ut_resetvalve",
  "test_result": 0,
  "test_type": "normal",
  "tool_version": "",
  "user": "cr_ceshi",
  "workstation": "工位84"
}
10:00:44,680 ERROR APP - case HeatSuite::wire_valve_bluetooth_reset_valve failed: context canceled
